<html>
<body>
<pre>
<h1>µVision Build Log</h1>
<h2>Tool Versions:</h2>
IDE-Version: µVision V5.24.2.0
Copyright (C) 2017 ARM Ltd and ARM Germany GmbH. All rights reserved.
License Information: Alexander Wondrak, HTL-Hollabrunn, LIC=----
 
Tool Versions:
Toolchain:       MDK-Lite  Version: 5.24.1
Toolchain Path:  C:\Keil_v5\ARM\ARMCC\Bin
C Compiler:      Armcc.exe V5.06 update 5 (build 528)
Assembler:       Armasm.exe V5.06 update 5 (build 528)
Linker/Locator:  ArmLink.exe V5.06 update 5 (build 528)
Library Manager: ArmAr.exe V5.06 update 5 (build 528)
Hex Converter:   FromElf.exe V5.06 update 5 (build 528)
CPU DLL:         SARMCM3.DLL V5.24.1
Dialog DLL:      DARMSTM.DLL V1.68.0.0
Target DLL:      UL2CM3.DLL V1.160.3.0
Dialog DLL:      TARMSTM.DLL V1.66.0.0
 
<h2>Project:</h2>
C:\Users\sophi\Documents\Alexander\DIC\InterruptProject\LFU_Interrupt_HW.uvprojx
Project File Date:  04/28/2021

<h2>Output:</h2>
*** Using Compiler 'V5.06 update 5 (build 528)', folder: 'C:\Keil_v5\ARM\ARMCC\Bin'
Build target 'ArmMinimalsystem'
compiling main.c...
LFU_Interrupt.h(9): warning:  #1295-D: Deprecated declaration welcomeText - give arg types
  void welcomeText();
LFU_Interrupt.h(10): warning:  #1295-D: Deprecated declaration initTime - give arg types
  void initTime();
LFU_Interrupt.h(11): warning:  #1295-D: Deprecated declaration timeFormat - give arg types
  void timeFormat();
main.c(24): warning:  #111-D: statement is unreachable
        return 0;
main.c: 4 warnings, 0 errors
linking...
Program Size: Code=4184 RO-data=396 RW-data=16 ZI-data=1632  
".\Objects\LFU_Interrupt_HW.axf" - 0 Error(s), 4 Warning(s).

<h2>Software Packages used:</h2>

Package Vendor: ARM
                http://www.keil.com/pack/ARM.CMSIS.5.0.1.pack
                ARM.CMSIS.5.0.1
                CMSIS (Cortex Microcontroller Software Interface Standard)
   * Component: CORE Version: 5.0.1

Package Vendor: HTL Hollabrunn
                
                HTL Hollabrunn.STD-Pack.2.0.0
                HTL Hollabrunn library and include pack
   * Component: SerbusLib Version: 1.0.0
   * Component: STDLib Version: 2.0.0

Package Vendor: Keil
                http://www.keil.com/pack/Keil.STM32F1xx_DFP.2.3.0.pack
                Keil.STM32F1xx_DFP.2.3.0
                STMicroelectronics STM32F1 Series Device Support, Drivers and Examples
   * Component: Startup Version: 1.0.0

<h2>Collection of Component include folders:</h2>
  .\RTE\Device\STM32F103RB
  .\RTE\_ArmMinimalsystem
  C:\Keil_v5\ARM\PACK\ARM\CMSIS\5.0.1\CMSIS\Include
  C:\Keil_v5\ARM\PACK\HTL Hollabrunn\STD-Pack\2.0.0\Header
  C:\Keil_v5\ARM\PACK\Keil\STM32F1xx_DFP\2.3.0\Device\Include

<h2>Collection of Component Files used:</h2>

   * Component: Keil::Device:Startup:1.0.0
      Include file:  RTE_Driver\Config\RTE_Device.h
      Source file:   Device\Source\ARM\STM32F1xx_OPT.s
      Source file:   Device\Source\ARM\startup_stm32f10x_md.s
      Source file:   Device\Source\system_stm32f10x.c

   * Component: HTL Hollabrunn::HTL Hollabrunn:Libraries:SerbusLib:1.0.0
      Library file:  Library\armv10_serbus.lib
      Include file:  Header\armv10_serbus.h

   * Component: HTL Hollabrunn::HTL Hollabrunn:Libraries:STDLib:2.0.0
      Library file:  Library\ARMV10_STD.lib
      Include file:  Header\armv10_std.h

   * Component: ARM::CMSIS:CORE:5.0.1
Build Time Elapsed:  00:00:01
</pre>
</body>
</html>
